// 使用 model optimizer 轉檔 ssd_resnet101_v1_fpn_1024x1024_coco17_tpu-8

======================================================================================================================================================================

ytl@ubuntu:/opt/intel/openvino_2021/deployment_tools/model_optimizer$ python3 mo_tf.py --saved_model_dir /home/ytl/Downloads/ssd_resnet101_v1_fpn_1024x1024_coco17_tpu-8/saved_model --tensorflow_use_custom_operations_config /opt/intel/openvino_2021/deployment_tools/model_optimizer/extensions/front/tf/ssd_support_api_v2.4.json --tensorflow_object_detection_api_pipeline_config /home/ytl/Downloads/ssd_resnet101_v1_fpn_1024x1024_coco17_tpu-8/pipeline.config --output_dir /home/ytl/Downloads/ssd_resnet101_v1_fpn_1024x1024_coco17_tpu-8/
[ WARNING ]  Use of deprecated cli option --tensorflow_use_custom_operations_config detected. Option use in the following releases will be fatal. Please use --transformations_config cli option instead
Model Optimizer arguments:
Common parameters:
	- Path to the Input Model: 	None
	- Path for generated IR: 	/home/ytl/Downloads/ssd_resnet101_v1_fpn_1024x1024_coco17_tpu-8/
	- IR output name: 	saved_model
	- Log level: 	ERROR
	- Batch: 	Not specified, inherited from the model
	- Input layers: 	Not specified, inherited from the model
	- Output layers: 	Not specified, inherited from the model
	- Input shapes: 	Not specified, inherited from the model
	- Mean values: 	Not specified
	- Scale values: 	Not specified
	- Scale factor: 	Not specified
	- Precision of IR: 	FP32
	- Enable fusing: 	True
	- Enable grouped convolutions fusing: 	True
	- Move mean values to preprocess section: 	None
	- Reverse input channels: 	False
TensorFlow specific parameters:
	- Input model in text protobuf format: 	False
	- Path to model dump for TensorBoard: 	None
	- List of shared libraries with TensorFlow custom layers implementation: 	None
	- Update the configuration file with input/output node names: 	None
	- Use configuration file used to generate the model with Object Detection API: 	/home/ytl/Downloads/ssd_resnet101_v1_fpn_1024x1024_coco17_tpu-8/pipeline.config
	- Use the config file: 	/opt/intel/openvino_2021/deployment_tools/model_optimizer/extensions/front/tf/ssd_support_api_v2.4.json
	- Inference Engine found in: 	/opt/intel/openvino_2021/python/python3.8/openvino
Inference Engine version: 	2021.4.2-3974-e2a469a3450-releases/2021/4
Model Optimizer version: 	2021.4.2-3974-e2a469a3450-releases/2021/4
2022-03-21 21:32:06.107106: W tensorflow/stream_executor/platform/default/dso_loader.cc:64] Could not load dynamic library 'libcudart.so.11.0'; dlerror: libcudart.so.11.0: cannot open shared object file: No such file or directory; LD_LIBRARY_PATH: /opt/intel/openvino_2021/data_processing/dl_streamer/lib:/opt/intel/openvino_2021/data_processing/gstreamer/lib:/opt/intel/openvino_2021/opencv/lib:/opt/intel/openvino_2021/deployment_tools/ngraph/lib:/opt/intel/openvino_2021/deployment_tools/inference_engine/external/tbb/lib::/opt/intel/openvino_2021/deployment_tools/inference_engine/external/hddl/lib:/opt/intel/openvino_2021/deployment_tools/inference_engine/external/omp/lib:/opt/intel/openvino_2021/deployment_tools/inference_engine/external/gna/lib:/opt/intel/openvino_2021/deployment_tools/inference_engine/external/mkltiny_lnx/lib:/opt/intel/openvino_2021/deployment_tools/inference_engine/lib/intel64:/opt/ros/noetic/lib
2022-03-21 21:32:06.107227: I tensorflow/stream_executor/cuda/cudart_stub.cc:29] Ignore above cudart dlerror if you do not have a GPU set up on your machine.
/home/ytl/.local/lib/python3.8/site-packages/flatbuffers/compat.py:19: DeprecationWarning: the imp module is deprecated in favour of importlib; see the module's documentation for alternative uses
  import imp
[ WARNING ]  
Detected not satisfied dependencies:
	tensorflow: installed: 2.7.0, required: ~= 2.4.1

Please install required versions of components or use install_prerequisites script
/opt/intel/openvino_2021.4.752/deployment_tools/model_optimizer/install_prerequisites/install_prerequisites_tf2.sh
Note that install_prerequisites scripts may install additional components.
2022-03-21 21:32:09.164922: W tensorflow/stream_executor/platform/default/dso_loader.cc:64] Could not load dynamic library 'libcuda.so.1'; dlerror: libcuda.so.1: cannot open shared object file: No such file or directory; LD_LIBRARY_PATH: /opt/intel/openvino_2021/data_processing/dl_streamer/lib:/opt/intel/openvino_2021/data_processing/gstreamer/lib:/opt/intel/openvino_2021/opencv/lib:/opt/intel/openvino_2021/deployment_tools/ngraph/lib:/opt/intel/openvino_2021/deployment_tools/inference_engine/external/tbb/lib::/opt/intel/openvino_2021/deployment_tools/inference_engine/external/hddl/lib:/opt/intel/openvino_2021/deployment_tools/inference_engine/external/omp/lib:/opt/intel/openvino_2021/deployment_tools/inference_engine/external/gna/lib:/opt/intel/openvino_2021/deployment_tools/inference_engine/external/mkltiny_lnx/lib:/opt/intel/openvino_2021/deployment_tools/inference_engine/lib/intel64:/opt/ros/noetic/lib
2022-03-21 21:32:09.164981: W tensorflow/stream_executor/cuda/cuda_driver.cc:269] failed call to cuInit: UNKNOWN ERROR (303)
2022-03-21 21:32:09.165008: I tensorflow/stream_executor/cuda/cuda_diagnostics.cc:156] kernel driver does not appear to be running on this host (ubuntu): /proc/driver/nvidia/version does not exist
2022-03-21 21:32:09.165174: I tensorflow/core/platform/cpu_feature_guard.cc:151] This TensorFlow binary is optimized with oneAPI Deep Neural Network Library (oneDNN) to use the following CPU instructions in performance-critical operations:  AVX2 FMA
To enable them in other operations, rebuild TensorFlow with the appropriate compiler flags.
2022-03-21 21:32:23.984807: I tensorflow/core/grappler/devices.cc:66] Number of eligible GPUs (core count >= 8, compute capability >= 0.0): 0
2022-03-21 21:32:23.985101: I tensorflow/core/grappler/clusters/single_machine.cc:358] Starting new session
2022-03-21 21:32:24.535989: I tensorflow/core/grappler/optimizers/meta_optimizer.cc:1149] Optimization results for grappler item: graph_to_optimize
  function_optimizer: Graph size after: 10396 nodes (9653), 12734 edges (11984), time = 332.044ms.
  function_optimizer: function_optimizer did nothing. time = 11.056ms.

[ ERROR ]  -------------------------------------------------
[ ERROR ]  ----------------- INTERNAL ERROR ----------------
[ ERROR ]  Unexpected exception happened.
[ ERROR ]  Please contact Model Optimizer developers and forward the following information:
[ ERROR ]  Exception occurred during running replacer "ObjectDetectionAPIPreprocessor2Replacement (<class 'extensions.front.tf.ObjectDetectionAPI.ObjectDetectionAPIPreprocessor2Replacement'>)": 
[ ERROR ]  Traceback (most recent call last):
  File "/opt/intel/openvino_2021/deployment_tools/model_optimizer/mo/utils/class_registration.py", line 276, in apply_transform
    replacer.find_and_replace_pattern(graph)
  File "/opt/intel/openvino_2021/deployment_tools/model_optimizer/mo/front/tf/replacement.py", line 36, in find_and_replace_pattern
    self.transform_graph(graph, desc._replacement_desc['custom_attributes'])
  File "/opt/intel/openvino_2021/deployment_tools/model_optimizer/extensions/front/tf/ObjectDetectionAPI.py", line 710, in transform_graph
    assert len(start_nodes) >= 1
AssertionError

The above exception was the direct cause of the following exception:

Traceback (most recent call last):
  File "/opt/intel/openvino_2021/deployment_tools/model_optimizer/mo/main.py", line 394, in main
    ret_code = driver(argv)
  File "/opt/intel/openvino_2021/deployment_tools/model_optimizer/mo/main.py", line 356, in driver
    ret_res = emit_ir(prepare_ir(argv), argv)
  File "/opt/intel/openvino_2021/deployment_tools/model_optimizer/mo/main.py", line 252, in prepare_ir
    graph = unified_pipeline(argv)
  File "/opt/intel/openvino_2021/deployment_tools/model_optimizer/mo/pipeline/unified.py", line 13, in unified_pipeline
    class_registration.apply_replacements(graph, [
  File "/opt/intel/openvino_2021/deployment_tools/model_optimizer/mo/utils/class_registration.py", line 328, in apply_replacements
    apply_replacements_list(graph, replacers_order)
  File "/opt/intel/openvino_2021/deployment_tools/model_optimizer/mo/utils/class_registration.py", line 314, in apply_replacements_list
    apply_transform(
  File "/opt/intel/openvino_2021/deployment_tools/model_optimizer/mo/utils/logger.py", line 111, in wrapper
    function(*args, **kwargs)
  File "/opt/intel/openvino_2021/deployment_tools/model_optimizer/mo/utils/class_registration.py", line 302, in apply_transform
    raise Exception('Exception occurred during running replacer "{} ({})": {}'.format(
Exception: Exception occurred during running replacer "ObjectDetectionAPIPreprocessor2Replacement (<class 'extensions.front.tf.ObjectDetectionAPI.ObjectDetectionAPIPreprocessor2Replacement'>)": 

[ ERROR ]  ---------------- END OF BUG REPORT --------------
[ ERROR ]  -------------------------------------------------

======================================================================================================================================================================

ytl@ubuntu:/opt/intel/openvino_2021/deployment_tools/model_optimizer$ python3 mo_tf.py --saved_model_dir /home/ytl/Downloads/ssd_resnet101_v1_fpn_1024x1024_coco17_tpu-8/saved_model --tensorflow_use_custom_operations_config /opt/intel/openvino_2021/deployment_tools/model_optimizer/extensions/front/tf/ssd_support_api_v2.0.json --tensorflow_object_detection_api_pipeline_config /home/ytl/Downloads/ssd_resnet101_v1_fpn_1024x1024_coco17_tpu-8/pipeline.config --output_dir /home/ytl/Downloads/ssd_resnet101_v1_fpn_1024x1024_coco17_tpu-8/
[ WARNING ]  Use of deprecated cli option --tensorflow_use_custom_operations_config detected. Option use in the following releases will be fatal. Please use --transformations_config cli option instead
Model Optimizer arguments:
Common parameters:
	- Path to the Input Model: 	None
	- Path for generated IR: 	/home/ytl/Downloads/ssd_resnet101_v1_fpn_1024x1024_coco17_tpu-8/
	- IR output name: 	saved_model
	- Log level: 	ERROR
	- Batch: 	Not specified, inherited from the model
	- Input layers: 	Not specified, inherited from the model
	- Output layers: 	Not specified, inherited from the model
	- Input shapes: 	Not specified, inherited from the model
	- Mean values: 	Not specified
	- Scale values: 	Not specified
	- Scale factor: 	Not specified
	- Precision of IR: 	FP32
	- Enable fusing: 	True
	- Enable grouped convolutions fusing: 	True
	- Move mean values to preprocess section: 	None
	- Reverse input channels: 	False
TensorFlow specific parameters:
	- Input model in text protobuf format: 	False
	- Path to model dump for TensorBoard: 	None
	- List of shared libraries with TensorFlow custom layers implementation: 	None
	- Update the configuration file with input/output node names: 	None
	- Use configuration file used to generate the model with Object Detection API: 	/home/ytl/Downloads/ssd_resnet101_v1_fpn_1024x1024_coco17_tpu-8/pipeline.config
	- Use the config file: 	/opt/intel/openvino_2021/deployment_tools/model_optimizer/extensions/front/tf/ssd_support_api_v2.0.json
	- Inference Engine found in: 	/opt/intel/openvino_2021/python/python3.8/openvino
Inference Engine version: 	2021.4.2-3974-e2a469a3450-releases/2021/4
Model Optimizer version: 	2021.4.2-3974-e2a469a3450-releases/2021/4
2022-03-21 21:35:46.601298: W tensorflow/stream_executor/platform/default/dso_loader.cc:64] Could not load dynamic library 'libcudart.so.11.0'; dlerror: libcudart.so.11.0: cannot open shared object file: No such file or directory; LD_LIBRARY_PATH: /opt/intel/openvino_2021/data_processing/dl_streamer/lib:/opt/intel/openvino_2021/data_processing/gstreamer/lib:/opt/intel/openvino_2021/opencv/lib:/opt/intel/openvino_2021/deployment_tools/ngraph/lib:/opt/intel/openvino_2021/deployment_tools/inference_engine/external/tbb/lib::/opt/intel/openvino_2021/deployment_tools/inference_engine/external/hddl/lib:/opt/intel/openvino_2021/deployment_tools/inference_engine/external/omp/lib:/opt/intel/openvino_2021/deployment_tools/inference_engine/external/gna/lib:/opt/intel/openvino_2021/deployment_tools/inference_engine/external/mkltiny_lnx/lib:/opt/intel/openvino_2021/deployment_tools/inference_engine/lib/intel64:/opt/ros/noetic/lib
2022-03-21 21:35:46.601410: I tensorflow/stream_executor/cuda/cudart_stub.cc:29] Ignore above cudart dlerror if you do not have a GPU set up on your machine.
/home/ytl/.local/lib/python3.8/site-packages/flatbuffers/compat.py:19: DeprecationWarning: the imp module is deprecated in favour of importlib; see the module's documentation for alternative uses
  import imp
[ WARNING ]  
Detected not satisfied dependencies:
	tensorflow: installed: 2.7.0, required: ~= 2.4.1

Please install required versions of components or use install_prerequisites script
/opt/intel/openvino_2021.4.752/deployment_tools/model_optimizer/install_prerequisites/install_prerequisites_tf2.sh
Note that install_prerequisites scripts may install additional components.
2022-03-21 21:35:49.580421: W tensorflow/stream_executor/platform/default/dso_loader.cc:64] Could not load dynamic library 'libcuda.so.1'; dlerror: libcuda.so.1: cannot open shared object file: No such file or directory; LD_LIBRARY_PATH: /opt/intel/openvino_2021/data_processing/dl_streamer/lib:/opt/intel/openvino_2021/data_processing/gstreamer/lib:/opt/intel/openvino_2021/opencv/lib:/opt/intel/openvino_2021/deployment_tools/ngraph/lib:/opt/intel/openvino_2021/deployment_tools/inference_engine/external/tbb/lib::/opt/intel/openvino_2021/deployment_tools/inference_engine/external/hddl/lib:/opt/intel/openvino_2021/deployment_tools/inference_engine/external/omp/lib:/opt/intel/openvino_2021/deployment_tools/inference_engine/external/gna/lib:/opt/intel/openvino_2021/deployment_tools/inference_engine/external/mkltiny_lnx/lib:/opt/intel/openvino_2021/deployment_tools/inference_engine/lib/intel64:/opt/ros/noetic/lib
2022-03-21 21:35:49.580477: W tensorflow/stream_executor/cuda/cuda_driver.cc:269] failed call to cuInit: UNKNOWN ERROR (303)
2022-03-21 21:35:49.580506: I tensorflow/stream_executor/cuda/cuda_diagnostics.cc:156] kernel driver does not appear to be running on this host (ubuntu): /proc/driver/nvidia/version does not exist
2022-03-21 21:35:49.580680: I tensorflow/core/platform/cpu_feature_guard.cc:151] This TensorFlow binary is optimized with oneAPI Deep Neural Network Library (oneDNN) to use the following CPU instructions in performance-critical operations:  AVX2 FMA
To enable them in other operations, rebuild TensorFlow with the appropriate compiler flags.
2022-03-21 21:36:04.900189: I tensorflow/core/grappler/devices.cc:66] Number of eligible GPUs (core count >= 8, compute capability >= 0.0): 0
2022-03-21 21:36:04.900341: I tensorflow/core/grappler/clusters/single_machine.cc:358] Starting new session
2022-03-21 21:36:05.444518: I tensorflow/core/grappler/optimizers/meta_optimizer.cc:1149] Optimization results for grappler item: graph_to_optimize
  function_optimizer: Graph size after: 10396 nodes (9653), 12734 edges (11984), time = 321.388ms.
  function_optimizer: function_optimizer did nothing. time = 12.56ms.

The Preprocessor block has been removed. Only nodes performing mean value subtraction and scaling (if applicable) are kept.
[ SUCCESS ] Generated IR version 10 model.
[ SUCCESS ] XML file: /home/ytl/Downloads/ssd_resnet101_v1_fpn_1024x1024_coco17_tpu-8/saved_model.xml
[ SUCCESS ] BIN file: /home/ytl/Downloads/ssd_resnet101_v1_fpn_1024x1024_coco17_tpu-8/saved_model.bin
[ SUCCESS ] Total execution time: 158.35 seconds. 
[ SUCCESS ] Memory consumed: 3119 MB. 
It's been a while, check for a new version of Intel(R) Distribution of OpenVINO(TM) toolkit here https://software.intel.com/content/www/us/en/develop/tools/openvino-toolkit/download.html?cid=other&source=prod&campid=ww_2022_bu_IOTG_OpenVINO-2022-1&content=upg_all&medium=organic or on the GitHub*










